[
    {
        "text": "Hlala phansi, uvale amehlo akho bese ulalela ukuphefumula kwakho njengoba umoya ungena uphuma. \n\nQaphela indlela ozizwa ngayo. \n\nLapho usukulungele, phinde uvule amehlo akho.\n\nZama lokhu noma nini lapho uzizwa ucindezelekile futhi udinga ukuthatha ikhefu ukuze uzole.",
        "id": "relax_1",
        "title": "Ikhefu elisheshayo",
        "type": "audio"
    },
    {
        "text": "Vala amehlo akho. \n\nMasisebenzisa amandla omlingo ezinto ezintathu ukuze ube nokuthula futhi uzole. \n\nYisho imisindo emithathu oyizwayo manje. \nYisho amaphunga amathathu owahogelayo manje. \nYisho ukudla okuthathu okuthanda kakhulu. \n\nYiziphi izinto ezintathu ongabonga ngazo njengamanje? Akudingeki kube yizinto ezinkulu.\n\nEkupheleni kosuku olunzima, ukucabanga ngezinto ezintathu ongabonga ngazo kungakusiza uthole isibindi sokuzama futhi kusasa.",
        "id": "relax_2",
        "title": "Amandla abantu abathathu",
        "type": "audio"
    },
    {
        "text": "Vala amehlo akho bese ucabanga ngosuku. \n\nYisho into eyodwa obongayo ngayo. \nYisho into eyodwa oyenze kahle. \nYisho into eyodwa oyithandayo.\n\nWenze kahle, uyiqhawe!",
        "id": "relax_3",
        "title": "Into eyodwa namuhla",
        "type": "audio"
    },
    {
        "text": "Vala amehlo akho. \n\nSebenzisa amandla omlingo ezinto ezintathu ukuze ube nokuthula futhi uzole.\n\nDonsa umoya ube ubala uze ufike ku-3. 1, 2, 3. \nKhipha umoya ube ubala uze ufike ku-3. 1, 2, 3. \nDonsa umoya ube ubala uze ufike ku-3. 1, 2, 3. \nKhipha umoya ube ubala uze ufike ku-3. 1, 2, 3.\n\nIngabe ukhona umehluko owuzwayo? Ukudonsa kakhulu umoya kusiza wonke umzimba kanye nengqondo ukuba kuzole. \n\nUyiqhawe!",
        "id": "relax_4",
        "title": "Donsa umoya kathathu",
        "type": "audio"
    },
    {
        "text": "Vala amehlo akho.\n\nLalela ukuphefumula kwakho njengoba udonsa umoya uphinde uwukhiphe izikhathi ezinhlanu.\n\nQaphela indlela ozizwa ngayo.\n\nLapho usukulungele phinde uvule amehlo akho. Nguwe olawulayo!",
        "id": "relax_5",
        "title": "Udonse uphinde uwukhiphe",
        "type": "audio"
    },
    {
        "text": "Vala amehlo akho. \n\nZinike umzuzu ukuze ucabange ngosuku.\n\nCabanga ngento eyodwa enhle noma emnandi oyenzile.\nZincome ngento eyodwa oyenze kahle namuhla.\u00a0\nCabanga ngento eyodwa ongayenza ngendlela ehlukile kusasa. \u00a0\nCabanga into eyodwa obongayo ngayo.",
        "id": "relax_6",
        "title": "Ukucabanga ngalolu suku",
        "type": "audio"
    },
    {
        "text": "Vala amehlo akho. \n\nIngabe izingane zakho zike zikwenze uzizwe sengathi ungahayiza? \n\nZinike ikhefana lemizuzwana eyishumi. Donsa umoya uwukhiphe kancane kancane izikhathi ezingu-5. \n\nYibe usuzama ukuphendula ngendlela ezolile.\n\nIzigidi zabazali zithi lokhu kuyasiza - KAKHULU.",
        "id": "relax_7",
        "title": "Thatha ikhefu ngaphambi kokuphendula",
        "type": "audio"
    },
    {
        "text": "Vala amehlo akho.  \n\nZinike isikhathi uyeke lokho okwenzayo bese uxhumana nokuphefumula kwakho.\u202f\u202f \n\nIyiphi into eyodwa ongabonga ngayo njengamanje?\u202f \nIyiphi into eyodwa ekwenza ujabule?\u202f \nIyiphi into eyodwa oyithandayo?\u202f \n\nAkudingeki kube yizinto ezinkulu. Ngezinye izikhathi izinto ezincane ekuphileni yizona ezibaluleke kakhulu!",
        "id": "relax_8",
        "title": "Izinto ezincane",
        "type": "audio"
    },
    {
        "text": "Nakhu ongakwenza ukuze uphumuze umzimba wakho:\u202f \n\nHlala ngokunethezeka bese uvala amehlo akho uma ukwazi.\u202f \nCabanga indilinga yegolide ihlola umzimba wakho kusukela ezinyaweni ize iyofika ekhanda.\u202f\u202f \nNaka njengoba ikhuphuka iphinde yehle emzimbeni wakho. Ingabe zikhona izindawo ozizwa ziqinile? Zindikindiki? Zibuhlungu?\u202f\u202f \nGxila kulezo zindawo isikhashana. Donsa umoya uye kuleyo ndawo bese kuthi lapho ukhipha umoya, uzame ukudedela lokho kuqina noma ubuhlungu.\u202f\u202f \nYenza lokhu izikhathi ezimbalwa odonsa ngazo umoya.\u202f\u202f \n\nVula amehlo akho. Umzimba wakho uzizwa kanjani manje?\n\nUngakuzama lokhu esikhathini esizayo uma uzithola ulele embhedeni ungafikelwa ubuthongo!",
        "id": "relax_9",
        "title": "Ukuhlola umzimba",
        "type": "audio"
    },
    {
        "text": "Vala amehlo akho.  \n\nQaphela ukuxhumana kwakho nomhlaba onyathele kuwo.\u202f \nYiziphi izitho zomzimba wakho izithinta umhlaba? Yiziphi izitho zomzimba wakho ezingawuthinti?\u202f\u202f \nQaphela lapho kuzwakala kufudumele khona nalapho kuzwakala kubanda khona.\u202f \nYizwa umhlabathi omi kuwo okusekelayo. Vumela umzimba wakho uzinze osizweni oluthola emhlabeni omi kuwo.\n\nKuzame lokhu esikhathini esizayo lapho uzizwa uwedwa noma lapho wenza into evamile njengokugeza. Kungasiza ngempela!",
        "id": "relax_10",
        "title": "Yizwa inhlabathi",
        "type": "audio"
    },
    {
        "text": "Hlala phansi bese uvala amehlo akho.\nMingaki imisindo okwazi ukuyizwa?  \nLalela imisindo engaphakathi nengaphandle kwegumbi. Yibale ngeminywe yakho. \nNgemva kwemizuzwana eyishumi, mingaki iminwe ephakeme? Yimiphi imisindo oyizwile? \n\nPhinde uzame futhi eminye imizuzwana eyishumi.  \nIngabe ikhona eminye imisindo emisha oyizwile? Ingabe ikhona imisindo oyizwile engaphakathi komzimba wakho? \nQaphela indlela ozizwa ngayo manje.",
        "id": "relax_11",
        "title": "Ukubala imisindo",
        "type": "audio"
    },
    {
        "text": "Vala amehlo akho.  \n\nIngabe kunomuzwa owuzwayo onamandla okwenza ufune ukuwubalekela?  \n\nKunokuba ubalekele indlela ozizwa ngayo, ake sisondele kuyo okwesikhashana.  \nKulungile. Vala amehlo akho uma uzizwa ukhululekile. Donsa umoya kakhulu.  \n\nYiba nelukuluku. Ukuzwa kuphi emzimbeni wakho? Ingabe kuyashisa noma kuyabanda? Kuqinile noma kuthambile? Kubophekile noma kukhululekile?  \nZibuze imibuzo ethile. Kungitshela ini? Kudinga ini? Ngingaba kanjani nomusa kimi njengamanje?",
        "id": "relax_12",
        "title": "Yizwa imizwa yakho",
        "type": "audio"
    },
    {
        "text": "Nakhu okuthile okumnandi okungakusiza uqede ukucindezeleka:\u202f  \n\nKhetha ingoma ebonisa lokho okudingayo njengamanje. Ingabe udinga ingoma epholile ukuze iwotawote umphefumulo wakho okhathele noma ingoma enesigqi esiphezulu ezokusiza ususe ukucindezeleka?\u202f  \n\nVula isikhala bese udansela umculo. Khumbula ukuphefumula njengoba udansa. Vumela ukuphefumula nokudansa kwakho kuhambisane.\n\nImizuzu embalwa yokudansa inganela ukuqeda ukucindezeleka futhi ikwenze uzizwe ungcono!",
        "id": "relax_13",
        "title": "Ingoma yakho",
        "type": "audio"
    },
    {
        "text": "Vala amehlo akho.  \nZinike isikhashana ukuze uzwe umhlaba onyathele kuwo. \nCabanga ngokuthile obongayo ngakho.\nGxila ekuphefumuleni kwakho.\nDonsa umoya uphinde uwukhiphe.\n\nDonsa umoya uwukhiphe.",
        "id": "relax_14",
        "title": "Inhlabathi kanye nokubonga",
        "type": "audio"
    },
    {
        "text": "Sawubona! Uzizwa kanjani njengamanje? Ujabulile, udangele, uthukuthele, uyathokoza, ukhathazekile?\n\nQaphela ukuthi ukuzwa kuphi emzimbeni wakho. Qaphela ukuthi yimiphi imicabango ehlobene nalowo muzwa. Donsa umoya kakhulu.\n\nZibonge ngokuzinika isikhathi sokuhlola imizwa yakho nemicabango!",
        "id": "relax_15",
        "title": "Qaphela indlela ozizwa ngayo",
        "type": "audio"
    },
    {
        "text": "Masiprakthize iqhinga elizolisayo esilibiza ngokuthi \u2018Amandla Ekhefu\u2019. \n\nBeka unyawo lwakho phansi bese udonsa umoya uphinde uwukhiphe kancane kakhulu ngendlela ongakwazi ngayo izikhathi ezintathu. Zicabange uhogela imbali noma uphephetha ikhandlela. \n\nNazo-ke! Amandla Ekhefu!\n\nLeli yiqhinga elihle kakhulu ongalisebenzisa lapho uzizwa ukhungatheka ngoba lizokusiza uzole.",
        "id": "relax_16",
        "title": "Amandla ekhefu",
        "type": "audio"
    },
    {
        "text": "Ukuzincoma kungasiza kakhulu, ikakhulukazi lapho sinezinsuku ezinzima. \n\nCabanga ngesonto lakho bese uqedela la magama alandelayo: \u201cKuleli sonto, ngiyaziqhenya ngami ngenxa\u2026\u201d Kungaba yinoma yini, hhayi nje kuphela izinto ezimayelana nokuba kwakho umzali!\n\nCabanga ngento eyodwa oyenze kahle namuhla. Manje songa izandla zakho kuwe UZANGE!",
        "id": "relax_17",
        "title": "Zincome",
        "type": "audio"
    },
    {
        "text": "Hlala ngokunethezeka bese uvala amehlo akho. \n\nQaphela lokho okwenzekayo kuwe njengamanje. Yini oyicabangayo? Ingabe imicabango yakho mihle noma mibi. Uzizwa kanjani? Ingabe uzizwa ujabule noma ungajabule? Umzimba wakho uzizwa kanjani? Ingabe uzizwa ubophekile noma ukhululekile?\n\nXhumana nenhliziyo yakho ngendlela enomusa nemnene. Ungase ufune ukubeka isandla esisodwa enhliziyweni yakho noma esifubeni. Buthule yisho la mazwi alandelayo kuwe:\n\nKwangathi ngingaba nokuthula.\nKwangathi ngingaphepha.\nKwangathi ngingaba nempilo enhle.\nKwangathi ngingajabula.\nKwangathi kungaba nothando emndenini wami.\nKwangathi ngingazizwa ngithandwa.\n\nZinike isikhathi sokucabanga ngokwenzeke kuwe. Qaphela ukuthi ukhona yini umehluko owuzwayo.",
        "id": "relax_18",
        "title": "Zinakekele",
        "type": "audio"
    },
    {
        "text": "Isinyathelo 1. Vala amehlo akho bese udonsa umoya kakhulu. \n\nIsinyathelo 2. Zibuze, \"Yini engiyicabangayo?\" Qaphela ukuthi imicabango yakho mihle noma mibi yini.\nQaphela ukuthi uzizwa kanjani ngokomzwelo. Qaphela ukuthi imizwelo yakho eyenjabulo noma cha. Zikhumbuze ukuthi kungakhathaliseki ukuthi uzizwa kanjani, kulungile.\nQaphela indlela umzimba wakho ozizwa ngayo. Qaphela noma yini ebuhlungu noma ebophekile.\n\nIsinyathelo 3. Gxila ekuphefumuleni kwakho. Yizwa ukuphefumula kwakho njengoba udonsa umoya uphinde uwukhiphe. Ungabeka isandla esiswini sakho futhi usizwe sikhukhumala siphinde sehle isikhathi ngasinye uphefumula. Kwenze lokhu izikhathi eziyishumi odonsa ngazo umoya.\n\nIsinyathelo 4. Khulisa indlela oqaphela ngayo umzimba wakho wonke. Lalela imisindo esegumbini. \n\nIsinyathelo 5. Zinike isikhathi sokuhlola ukuthi ukhona yini umehluko owuzwayo. Lapho usukulungele, vula amehlo akho.\n\nSiyakuhalalisela Ngokuthatha Ikhefu. Lokhu ungakwenza noma nini lapho uzizwa ucindezelekile. Kukunika ithuba lokuzola. Ngisho nokudonsa umoya izikhathi ezimbalwa noma ukuxhumana nomhlaba omi kuwo kungenza umehluko. Ungathatha Ikhefu Nezingane Zakho!",
        "id": "relax_19",
        "title": "Yima kancane",
        "type": "audio"
    },
    {
        "text": "Yima bese ulula izingalo zibheke phezulu esibhakabhakeni. Sunduza noma yimaphi amafu bese uvumela ilanga likukhanyise. Zelule kuzo zombili izinhlangothi. Zilulele phambili nasemuva.\n\nLengisa isandla sakho eceleni. Cindezela amahlombe akhuphuke afike ezindlebeni njengoba udonsa umoya, hlikilhla amehlo akho bese ubamba ukuphefumula kwakho. Yehlisa amahlombe akho njengoba ukhulula umzimba wakho.\n\nKhulula izingalo zakho futhi uzivumele zilenge emaceleni futhi uphendule ingxenye engenhla yomzimba wakho. Izingalo zakho kufanele zishaye kancane umgogodla wakho njengoba utshikiza, ujikajika.\n\nBeka unyawo olulodwa phambi kolunye bese ujikajikisa amaqakala, ukhumbule ukuphendukela ezinhlangothini zombili. Yenza lokho onyaweni ngalunye ngezindilinga ezine ohlangothini ngalunye.\n\nManje nyakazisa wonke umzimba ngokushesha ngangokunokwenzeka. Gxumagxuma uye phezulu kakhulu! Guqa uye phansi kakhulu! Ushukumise yonke indawo!\n\nVala amehlo akho bese uphakamise izingalo zakho kancane kancane ziye ngaphezu kwekhanda lakho njengoba udonsa umoya. Yehlisela izingalo zakho ohlangothini kancane kancane njengoba ukhipha umoya.\n\nZinike isikhathi sokucabanga ngokwenzeke kuwe.\n\nWenze kahle! Ungenza lo msebenzi nganoma yisiphi isikhathi lapho uzizwa unesidingo sokunciphisa ukucindezeleka futhi uqinise ingqondo kanye nomzimba.",
        "id": "relax_20",
        "title": "Umsebenzi ohilela umzimba",
        "type": "audio"
    },
    {
        "text": "Yenza uhlu lwezinto ongazenza ezinempilo ongathanda ukuzenza. Nanka amacebiso amabalwa:\n* Ukulalela umculo wakho owuthandayo\n* Ukuhambahamba ngaphandle (uma kuvumelekile)\n* Ukuzivocavoca\n* Ukuphuza inkomishi yetiye uwedwa\n* Ukushayela umngane\n* Ukucula, ukudansa, ukuthandaza noma ukucula\n* Ukuhlala elangeni uvale amehlo akho\n* Ukubukela uhlelo lwe-T.V oluthandayo\n\nKhetha okokudwa ukwenze namuhla!",
        "id": "relax_21",
        "title": "Uhlu lwezinto",
        "type": "audio"
    },
    {
        "text": "Lapho uzinakekela, usuke unakekela izingane zakho. Sonke sidinga ukuxhuma. Zama ukuxoxa nsuku zonke nabangane, umndeni, kanye nezinye izinhlaka ezinikeza usizo. Sekuyisikhathi wagcina ukuxhumana nothile, yenza lokho manje!",
        "id": "relax_22",
        "title": "Xhumana",
        "type": "audio"
    },
    {
        "text": "Cabanga ngalokho okukwenza uthukuthele? Kwenzeka nini? Ngokuvamile usabela kanjani?\n\nZisuka nje gwema ukuthi uthukuthele. Lala noma uphumule lapho ukhathele. Zama ukudla okuthile lapho ulambile. Cela othile ukuba akusekele lapho uzizwa uwedwa.",
        "id": "relax_23",
        "title": "Gwema ulaka",
        "type": "audio"
    },
    {
        "text": "Ukulawula intukuthelo kungaba nzima kakhulu. Thatha ikhefu lapho uzwa ukuthi uqala ukuthukuthelela izingane zakho noma omunye umuntu.\n\nHamba uye kwenye indawo imizuzu emihlanu ukuze ukwazi ukulawula imizwelo yakho. Uma unendawo ephephile ngaphandle, yiya ngaphandle. Ungadlula kulokhu!",
        "id": "relax_24",
        "title": "Uthukuthele? Thatha ikhefu.",
        "type": "audio"
    }
]