[
    {
        "text": "Ngesikhathi umama eqala ukungibuza ukuthi ngiyafuna yini ukuchitha isikhathi naye, ngamtshela ukuthi angiyeke ngoba ngangisadlala umdlalo wami. Kodwa waphoqa njengoba ehlala enza. Ngamtshela ukuthi angangibukela njengoba ngidlala uma kuyilokho akufunayo. Ngemva kwemizuzu embalwa waqala ukungibuza imibuzo ngomdlalo. Kwakucasula ekuqaleni, kodwa ngemva kwesikhathi ngase ngijabule ngoba ekugcineni wayebonisa ukuthi uyayithanda into engiyenzayo. Waze ngisho wacela nokudlala!",
        "id": "testimony_w_1on1",
        "title": "Testimony One-on-One Time",
        "type": "audio"
    },
    {
        "text": "Ubaba wangitshela ukuthi ngidlala ngokweqile i-basketball ngemva kwesikole, ngakho kumelwe kubekwe umthetho womndeni. Wangithembisa ukuthi sizocabanga ngesixazululo ndawonye, ukuze sizijabulise sobabili. Ngangingacabangi ukuthi lokho kungenzeka kodwa ngathi, \u201cKULUNGILE, ake sizame\u201d. Sabonisana sabe sesivumelana ngokuthi umthetho uzoba ukuthi kuvumelekile ukudlala i-basketball ngemva kokwenza umsebenzi wasekhaya kuze kube isikhathi sesidlo sakusihlwa njengomndeni. Kunzima kimi ukubona abangane bami bedlala lapho isikole siphuma, ngakho ngenza okusemandleni ami ukuba ngiqede umsebenzi wasekhaya kuqala bese ngiyahamba ngiyodlala nabo. Manje senginesikhathi sonke kusihlwa sokwenza ezinye izinto engifuna ukuzenza ngemva kokudla isidlo sakusihlwa njengomndeni njengokubukela i-basketball ku-NBA.",
        "id": "testimony_w_rules",
        "title": "Testimony Rules",
        "type": "audio"
    }
]