[
    {
        "text": "Sanibonani, nonke. \n\nIsihloko sanamuhla sikhuluma ngokuzinakekela. \n\nKunezikhathi lapho sibhekana nezikhathi ezinzima, lapho sibhekana khona nezinkinga singazi ukuthi kumelwe senzeni. Kubalulekile ukuzinakekela ukufunda izindlela zokuthi sihlale sehlise umoya uma kwenzeka kuvela inkinga, inselele noma isimo esithile. \n\nUma sehlise umoya sisuke sisesimweni esihle sokucabanga kahle nokuza nesixazululo esihle sokubhekana nanoma iyiphi inkinga.",
        "id": "w_self_care_intro",
        "title": "Ukwamukelwa Nokuzinakekela",
        "type": "audio"
    },
    {
        "text": "Sanibona.\n\nIsihloko sethu namuhla ukuchitha isikhathi nezingane zethu.\n\nKubalulekile ukuchitha isikhathi nezingane zethu ukuze zikwazi ukusiqonda, nokuthi nathi sithole ithuba lokuziqonda. \n\nKhumbula, umndeni oqondana kahle uphila ngokuzwana.",
        "id": "w_1on1_intro",
        "title": "Isikhathi Sokuthi Nibe Nobabili Ndawonye",
        "type": "audio"
    },
    {
        "text": "Sanibonani nonke. \n\nIsihloko sethu sanamuhla sikhuluma ngokuncoma. \n\nKuyinto enhle ukuncoma intsha yethu uma yenze kahle ngoba uma senza kanjalo, zizokwenza okungeziwe okuhle esifuna ukukubona. \n\nFuthi asingakhohlwa ukuzincoma nathi uma senze kahle!",
        "id": "w_praise_intro",
        "title": "Ncoma",
        "type": "audio"
    },
    {
        "text": "Sanibonani, sanibonani nonke.\n\nIsihloko sethu namuhla sikhuluma ngeziqondiso ezinhle. \n\nKubalulekile ukunika izingane zakho iziqondiso ezinhle, ngoba uma uzinikeza iziqondiso ezinhle ziyazi futhi ziqonde ukuthi yini esilindele ukuthi ziyenze, futhi zizokwenza ngendlela esifuna ukuthi zikwenze ngayo. \n\nEkugcineni, kwenza wonke umuntu ajabule.",
        "id": "w_instruct_intro",
        "title": "Iziqondiso Ezinhle",
        "type": "audio"
    },
    {
        "text": "Sanibonani nonke. \n\nIsihloko sanamuhla sikhuluma ngokulawula ukucindezeleka. \n\nKubalulekile ukukwazi ukulawula ukucindezeleka kwethu. Ngezinye izikhathi zingane zethu zingaziphatha ngendlela eyenza sicindezeleke futhi nathi njengabazali singenza izingane zethu zicindezeleke. \n\nNgakho-ke, kubalulekile ukuqaphela lapho sizizwa sicindezelekile bese siyema kancane sidonse umoya. Lokho kuzokusiza ukuthi ulawule ukucindezeleka kwakho.",
        "id": "w_stress_intro",
        "title": "Ukulawula ukucindezeleka",
        "type": "audio"
    },
    {
        "text": "Sanibonani, nonke. \n\nIsihloko sanamuhla ibhajethi yomndeni. \n\nKubalulekile ukwenza ibhajethi, kodwa okubaluleke nakakhulu ukwenza isabelomali esihlanganisa umndeni wonke. \n\nUkuyenza ndawonye kukhulisa izinga lokuqonda indlela imali esentshenziswa ngayo njengomndeni nokuthi malini ozowongela umndeni wakho, ungaze wenze nezinhlelo zokuthi nizoyonga kanjani imali njengomndeni.",
        "id": "w_money_intro",
        "title": "Isabelomali Somndeni",
        "type": "audio"
    },
    {
        "text": "Sanibonani, nonke. \n\nIsihloko sanamuhla imithetho. \n\nImithetho ikhuthaza ukuthula ekhaya futhi ikhuthaza ukuqondana phakathi kwamalungu omndeni. \n\nImithetho ithuthukisa izibopho zelungu lomndeni ngalinye, ngakho-k,e kubalulekile ukuba umndeni ube nemithetho. \n\nUmuzi onemithetho yomndeni uphila ngokuthula.",
        "id": "w_rules_intro",
        "title": "Imithetho",
        "type": "audio"
    },
    {
        "text": "Sanibonani, nonke. \n\nIsihloko sanamuhla sithi imiphumela eyethulwa ngendlela ezolile.\n\nKubalulekile ukuthi lapho sethula umphumela entsheni yethu siyihilele, kodwa kubalulekile nokuthi sizole lapho sethula imiphumela.\n\nLokhu kuzosisiza sivumelane ngokwethula imiphumela ngendlela ezolile entsheni yethu futhi intsha yethu izoyikhumbula kalula lapho ihilelwa futhi lokho kuzoyenza iziphathe kahle.",
        "id": "w_consequence_intro",
        "title": "Imiphumela Eyethulwa Ngomoya Ophansi",
        "type": "audio"
    },
    {
        "text": "Sanibonani, nonke. \n\nIsihloko sanamuhla sikhuluma ngokuxazulula inkinga. \n\nSonke siyazi ukuthi ekuphileni kunezikhathi lapho sibhekana khona nezinkinga, futhi sonke siyazi ukuthi uma sizithola sikulezi zimo, kuba nzima ukucabanga ngokushesha ngezixazululo ezinhle. \n\nNgakho-ke kubalulekile ukuthi uma sibhekane nezinkinga sime kancane, sidonse umoya, sizole bese sicabanga ngamakhono okuxazulula izinkinga esingawasebenzisa. \n\nKhumbula ukuhilela intsha yethu uma sixazulula izinkinga. Lokhu kuzoyisiza izimele futhi ifunde ukuxazulula izinkinga zayo esikhathini esizayo.",
        "id": "w_solve_intro",
        "title": "Ukuxazulula Inkinga",
        "type": "audio"
    },
    {
        "text": "Sanibonani, nonke. \n\nIsihloko sanamuhla sikhuluma ngokuphepha kwentsha. \n\nKuwumthwalo wethu njengabazali ukuthi siqiniseka ukuthi intsha yethu iphephile ngaso sonke isikhathi. Kudingeka siqiniseka ukuthi intsha yethu iphephile emphakathini esihlala kuyo. Kuwumthwalo wethu ukuba sibenze baqaphele izindawo eziphephile nezingaphephanga emphakathini. \n\nKubuye kube umthwalo wethu wemfanelo ukuqinisekisa ukuthi iyaziqonda izingozi ezichaya kuzo uma iku-inthanethi. Ngaleyo ndlela intsha yethu izohlakanipha ikwazi ukwenza izinqumo ezinhle futhi izigcine iphephile.",
        "id": "w_safe_intro",
        "title": "Ukuphepha Kwentsha",
        "type": "audio"
    },
    {
        "text": "Sanibonani, nonke.\n\nIsihloko sanamuhla simayelana nokubhekana nezinkinga.\n\nIzinkinga zingavela nomaphi. Izinkinga zingavela noma nini. Ngakho-ke, kubalulekile ukuthi njengomndeni nibe nezinhlelo zokuthi nizokwenza kanjani uma ilunga lomndeni lizithola lisenkingeni. \n\nKubalulekile ukuba nezinhlelo ukuze ilungu ngalinye lomndeni lizizwe livikelekile. \n\nLapho sibhekele nenkinga, kumelwe sikhumbule ukuma, sidonse umoya, bese sizigcina sizolile. Lokho kuzokusiza ubhekane nenkinga ngendlela engcono.",
        "id": "w_crisis_intro",
        "title": "Ukubhekana Nezinkinga",
        "type": "audio"
    },
    {
        "text": "Sanibonani nonke.\n\nIsihloko sanamuhla ukuhalalisa kanye nezinyathelo ezilandelayo.\n\nBekumnandi, bekukuhle kakhulu ukuhamba nawe kulolu hambo. Namuhla sibungaza uhambo lwethu ndawonye. \n\nNamuhla sibungaza konke esikufundile kulo lonke uqeqesho.",
        "id": "w_celebrate_intro",
        "title": "Ukubungaza kanye Nezinyathelo Ezilandelayo",
        "type": "audio"
    },
    {
        "text": "Vala amehlo akho uphumule.\n\nCabanga ngokuphila komndeni wakho ngaphambi kokuba uqale uhambo lwakho nale-app.\n       \nCabanga ngamakhono owafundile:\n* Ukuzinakekela\n* Isikhathi sokuthi nibe nobabili ndawonye\n* Ukuncoma\n* Iziqondiso ezinhle\n* Ukulawula ukucindezeleka\n* Isabelomali somndeni\n* Imithetho\n* Imiphumela eyethulwa ngomoya ophansi\n* Ukuxazulula inkinga\n* Ukuphepha kwentsha\n* Ukubhekana nezinkinga\n\nCabanga ngohambo lwakho \u2013 bekunjani kuwe ukwenza lokhu:\n* Yabelanani ngamacebiso nichaze izinto eniye nabhekana nazo\n* Cabanga ufunde ezindabeni ezixoxwayo\n* Phrakthiza amakhono nengane yakho eyevile eminyakeni eyishumi nambili\n\nIngabe kukhona okuye kwashintsha kuwe nasemndenini wakho?\n\nYini oyidingayo ukuze uqhubeke usebenzisa la makhono?",
        "id": "workshops_reflection",
        "title": "Cabanga",
        "type": "audio"
    }
]