[
  {
    "SourceText": "Your @global.parent_app Code",
    "text": "Your @global.parent_app Code",
    "type": "global",
    "note": "The string @global.parent_app should not be translated."
  },
  {
    "SourceText": "Make me smile",
    "text": "Make me smile",
    "type": "global"
  },
  {
    "SourceText": "Get me going",
    "text": "Get me going",
    "type": "global"
  },
  {
    "SourceText": "New workshop ready tomorrow!",
    "text": "New workshop ready tomorrow!",
    "type": "global"
  },
  {
    "SourceText": "New workshop!",
    "text": "New workshop!",
    "type": "global"
  },
  {
    "SourceText": "Workshop Reminder",
    "text": "Workshop Reminder",
    "type": "global"
  },
  {
    "SourceText": "Nice progress!",
    "text": "Nice progress!",
    "type": "global"
  },
  {
    "SourceText": "You are appreciated!",
    "text": "You are appreciated!",
    "type": "global"
  },
  {
    "SourceText": "Something Fun",
    "text": "Something Fun",
    "type": "global"
  },
  {
    "SourceText": "Your @global.parent_points this week",
    "text": "Your @global.parent_points this week",
    "type": "global",
    "note": "The string @global.parent_points should not be translated."
  },
  {
    "SourceText": "Home Practice Reminder",
    "text": "Home Practice Reminder",
    "type": "global"
  },
  {
    "SourceText": "To solve this challenge, I will try to:",
    "text": "To solve this challenge, I will try to:",
    "type": "global"
  },
  {
    "SourceText": "Do you want to try one of the following things?",
    "text": "Do you want to try one of the following things?",
    "type": "global"
  },
  {
    "SourceText": "My challenge is not listed here.",
    "text": "My challenge is not listed here.",
    "type": "global"
  },
  {
    "SourceText": "Mother",
    "text": "Mother",
    "type": "global"
  },
  {
    "SourceText": "Father",
    "text": "Father",
    "type": "global"
  },
  {
    "SourceText": "TikTok",
    "text": "TikTok",
    "type": "global"
  },
  {
    "SourceText": "Watching this video requires internet access. To limit data use, watch or download this video when on WiFi.",
    "text": "Watching this video requires internet access. To limit data use, watch or download this video when on WiFi.",
    "type": "global"
  },
  {
    "SourceText": "Visiting these websites requires internet access. To limit data use, visit these websites when on WiFi.",
    "text": "Visiting these websites requires internet access. To limit data use, visit these websites when on WiFi.",
    "type": "global"
  },
  {
    "SourceText": "Sending this message requires internet access. To limit data use, send this message when on WiFi.",
    "text": "Sending this message requires internet access. To limit data use, send this message when on WiFi.",
    "type": "global"
  },
  {
    "SourceText": "ParentApp",
    "text": "ParentApp",
    "type": "global"
  },
  {
    "SourceText": "Weekly Workshops",
    "text": "Weekly Workshops",
    "type": "global"
  },
  {
    "SourceText": "Weekly Workshop",
    "text": "Weekly Workshop",
    "type": "global"
  },
  {
    "SourceText": "Weekly Workshop Options",
    "text": "Weekly Workshop Options",
    "type": "global"
  },
  {
    "SourceText": "ParentPoints",
    "text": "ParentPoints",
    "type": "global"
  },
  {
    "SourceText": "ParentPoint",
    "text": "ParentPoint",
    "type": "global"
  },
  {
    "SourceText": "Parent Library",
    "text": "Parent Library",
    "type": "global"
  },
  {
    "SourceText": "In-Week Messages",
    "text": "In-Week Messages",
    "type": "global"
  },
  {
    "SourceText": "Real-world ideas",
    "text": "Real-world ideas",
    "type": "global"
  },
  {
    "SourceText": "Ideas",
    "text": "Ideas",
    "type": "global"
  },
  {
    "SourceText": "Ideas from other families...",
    "text": "Ideas from other families...",
    "type": "global"
  },
  {
    "SourceText": "Challenges & solutions",
    "text": "Challenges & solutions",
    "type": "global"
  },
  {
    "SourceText": "Submit",
    "text": "Submit",
    "type": "global"
  },
  {
    "SourceText": "Find out more",
    "text": "Find out more",
    "type": "global"
  },
  {
    "SourceText": "Show me how",
    "text": "Show me how",
    "type": "global"
  },
  {
    "SourceText": "Tell me more!",
    "text": "Tell me more!",
    "type": "global"
  },
  {
    "SourceText": "Let's go!",
    "text": "Let's go!",
    "type": "global"
  },
  {
    "SourceText": "Check it out!",
    "text": "Check it out!",
    "type": "global"
  },
  {
    "SourceText": "Done",
    "text": "Done",
    "type": "global"
  },
  {
    "SourceText": "Next",
    "text": "Next",
    "type": "global"
  },
  {
    "SourceText": "Previous",
    "text": "Previous",
    "type": "global"
  },
  {
    "SourceText": "Save",
    "text": "Save",
    "type": "global"
  },
  {
    "SourceText": "Start",
    "text": "Start",
    "type": "global"
  },
  {
    "SourceText": "Skip",
    "text": "Skip",
    "type": "global"
  },
  {
    "SourceText": "Finish with a song",
    "text": "Finish with a song",
    "type": "global"
  },
  {
    "SourceText": "Goodbye!",
    "text": "Goodbye!",
    "type": "global"
  },
  {
    "SourceText": "My Favourite Relaxes",
    "text": "My Favourite Relaxes",
    "type": "global"
  },
  {
    "SourceText": "All Relaxes",
    "text": "All Relaxes",
    "type": "global"
  },
  {
    "SourceText": "Random Relax",
    "text": "Random Relax",
    "type": "global"
  },
  {
    "SourceText": "This Week's Relax",
    "text": "This Week's Relax",
    "type": "global"
  },
  {
    "SourceText": "Listen & Relax (1-2 minutes)",
    "text": "Listen & Relax (1-2 minutes)",
    "type": "global"
  },
  {
    "SourceText": "Listen & Relax (3-5 minutes)",
    "text": "Listen & Relax (3-5 minutes)",
    "type": "global"
  },
  {
    "SourceText": "Do & Relax (5-10 minutes)",
    "text": "Do & Relax (5-10 minutes)",
    "type": "global"
  },
  {
    "SourceText": "My Favourite Activities",
    "text": "My Favourite Activities",
    "type": "global"
  },
  {
    "SourceText": "All Activities",
    "text": "All Activities",
    "type": "global"
  },
  {
    "SourceText": "Random Activity",
    "text": "Random Activity",
    "type": "global"
  },
  {
    "SourceText": "This Week's Activity",
    "text": "This Week's Activity",
    "type": "global"
  },
  {
    "SourceText": "Chat Together",
    "text": "Chat Together",
    "type": "global"
  },
  {
    "SourceText": "Do Together",
    "text": "Do Together",
    "type": "global"
  },
  {
    "SourceText": "Walk to the shops",
    "text": "Walk to the shops",
    "type": "global"
  },
  {
    "SourceText": "Get water together",
    "text": "Get water together",
    "type": "global"
  },
  {
    "SourceText": "Do a chore together",
    "text": "Do a chore together",
    "type": "global"
  },
  {
    "SourceText": "Prepare dinner",
    "text": "Prepare dinner",
    "type": "global"
  },
  {
    "SourceText": "Eat breakfast/lunch/dinner",
    "text": "Eat breakfast/lunch/dinner",
    "type": "global"
  },
  {
    "SourceText": "Have tea after school",
    "text": "Have tea after school",
    "type": "global"
  },
  {
    "SourceText": "Watch a T.V. show",
    "text": "Watch a T.V. show",
    "type": "global"
  },
  {
    "SourceText": "Review homework",
    "text": "Review homework",
    "type": "global"
  },
  {
    "SourceText": "Chat before bedtime",
    "text": "Chat before bedtime",
    "type": "global"
  },
  {
    "SourceText": "Play a game/sport",
    "text": "Play a game/sport",
    "type": "global"
  },
  {
    "SourceText": "Teens completing school/university",
    "text": "Teens completing school/university",
    "type": "global"
  },
  {
    "SourceText": "Building/expanding a house for my family",
    "text": "Building/expanding a house for my family",
    "type": "global"
  },
  {
    "SourceText": "Starting a business",
    "text": "Starting a business",
    "type": "global"
  },
  {
    "SourceText": "Buying a car for my family",
    "text": "Buying a car for my family",
    "type": "global"
  },
  {
    "SourceText": "Severe illness or death of a friend or family member",
    "text": "Severe illness or death of a friend or family member",
    "type": "global"
  },
  {
    "SourceText": "Robbery",
    "text": "Robbery",
    "type": "global"
  },
  {
    "SourceText": "Flooding",
    "text": "Flooding",
    "type": "global"
  },
  {
    "SourceText": "Political violence",
    "text": "Political violence",
    "type": "global"
  },
  {
    "SourceText": "Losing my job",
    "text": "Losing my job",
    "type": "global"
  },
  {
    "SourceText": "Pandemic (COVID-19)",
    "text": "Pandemic (COVID-19)",
    "type": "global"
  },
  {
    "SourceText": "At home",
    "text": "At home",
    "type": "global"
  },
  {
    "SourceText": "Buy things we can sell",
    "text": "Buy things we can sell",
    "type": "global"
  },
  {
    "SourceText": "At a bank",
    "text": "At a bank",
    "type": "global"
  },
  {
    "SourceText": "In a savings group",
    "text": "In a savings group",
    "type": "global"
  },
  {
    "SourceText": "No gadget use the next day",
    "text": "No gadget use the next day",
    "type": "global"
  },
  {
    "SourceText": "Take 5 minutes pause in separate part of the room",
    "text": "Take 5 minutes pause in separate part of the room",
    "type": "global"
  },
  {
    "SourceText": "Write a letter of apology",
    "text": "Write a letter of apology",
    "type": "global"
  },
  {
    "SourceText": "Cannot see friends the next day",
    "text": "Cannot see friends the next day",
    "type": "global"
  },
  {
    "SourceText": "Cannot play with phone after dinner (or next hour)",
    "text": "Cannot play with phone after dinner (or next hour)",
    "type": "global"
  },
  {
    "SourceText": "Extra time with friends on weekend (1hr)",
    "text": "Extra time with friends on weekend (1hr)",
    "type": "global"
  },
  {
    "SourceText": "Cooking teen’s favourite meal",
    "text": "Cooking teen’s favourite meal",
    "type": "global"
  },
  {
    "SourceText": "Extra time with phone after dinner (30 min)",
    "text": "Extra time with phone after dinner (30 min)",
    "type": "global"
  },
  {
    "SourceText": "Watching teen’s T.V. show together",
    "text": "Watching teen’s T.V. show together",
    "type": "global"
  },
  {
    "SourceText": "Extra one-on-one time on Sunday (30 min)",
    "text": "Extra one-on-one time on Sunday (30 min)",
    "type": "global"
  },
  {
    "SourceText": "Take a deep breath and pause before responding",
    "text": "Take a deep breath and pause before responding",
    "type": "global"
  },
  {
    "SourceText": "Listen to your teen",
    "text": "Listen to your teen",
    "type": "global"
  },
  {
    "SourceText": "Praise your teen for sharing",
    "text": "Praise your teen for sharing",
    "type": "global"
  },
  {
    "SourceText": "Use problem solving skills",
    "text": "Use problem solving skills",
    "type": "global"
  },
  {
    "SourceText": "Work out where you can get help",
    "text": "Work out where you can get help",
    "type": "global"
  },
  {
    "SourceText": "Tap and type",
    "text": "Tap and type",
    "type": "global"
  },
  {
    "SourceText": "Tap and choose",
    "text": "Tap and choose",
    "type": "global"
  },
  {
    "SourceText": "Type your own",
    "text": "Type your own",
    "type": "global"
  },
  {
    "SourceText": "I've understood this. Don't show me this message again.",
    "text": "I've understood this. Don't show me this message again.",
    "type": "global"
  },
  {
    "SourceText": "Welcome and Self-Care",
    "text": "Welcome and Self-Care",
    "type": "global"
  },
  {
    "SourceText": "Self-Care",
    "text": "Self-Care",
    "type": "global"
  },
  {
    "SourceText": "How to add self-care",
    "text": "How to add self-care",
    "type": "global"
  },
  {
    "SourceText": "One-on-One Time",
    "text": "One-on-One Time",
    "type": "global"
  },
  {
    "SourceText": "How to spend one-on-one time",
    "text": "How to spend one-on-one time",
    "type": "global"
  },
  {
    "SourceText": "Praise",
    "text": "Praise",
    "type": "global"
  },
  {
    "SourceText": "How to praise",
    "text": "How to praise",
    "type": "global"
  },
  {
    "SourceText": "Positive Instructions",
    "text": "Positive Instructions",
    "type": "global"
  },
  {
    "SourceText": "How to give positive instructions",
    "text": "How to give positive instructions",
    "type": "global"
  },
  {
    "SourceText": "Managing Stress",
    "text": "Managing Stress",
    "type": "global"
  },
  {
    "SourceText": "How to manage stress",
    "text": "How to manage stress",
    "type": "global"
  },
  {
    "SourceText": "Family Budgets",
    "text": "Family Budgets",
    "type": "global"
  },
  {
    "SourceText": "How to budget & save",
    "text": "How to budget & save",
    "type": "global"
  },
  {
    "SourceText": "Rules",
    "text": "Rules",
    "type": "global"
  },
  {
    "SourceText": "How to create rules",
    "text": "How to create rules",
    "type": "global"
  },
  {
    "SourceText": "Calm Consequences",
    "text": "Calm Consequences",
    "type": "global"
  },
  {
    "SourceText": "How to give calm consequences",
    "text": "How to give calm consequences",
    "type": "global"
  },
  {
    "SourceText": "Problem Solving",
    "text": "Problem Solving",
    "type": "global"
  },
  {
    "SourceText": "How to solve problems",
    "text": "How to solve problems",
    "type": "global"
  },
  {
    "SourceText": "Teen Safety",
    "text": "Teen Safety",
    "type": "global"
  },
  {
    "SourceText": "How to keep your teen safe",
    "text": "How to keep your teen safe",
    "type": "global"
  },
  {
    "SourceText": "Dealing with Crisis",
    "text": "Dealing with Crisis",
    "type": "global"
  },
  {
    "SourceText": "How to deal with crisis",
    "text": "How to deal with crisis",
    "type": "global"
  },
  {
    "SourceText": "Celebration and Next Steps",
    "text": "Celebration and Next Steps",
    "type": "global"
  },
  {
    "SourceText": "How to support each other",
    "text": "How to support each other",
    "type": "global"
  },
  {
    "SourceText": "Home Practice",
    "text": "Home Practice",
    "type": "global"
  },
  {
    "SourceText": "Talk about @global.home_practice",
    "text": "Talk about @global.home_practice",
    "type": "global",
    "note": "The string @global.home_practice should not be translated."
  },
  {
    "SourceText": "Home Practice Review",
    "text": "Home Practice Review",
    "type": "global"
  },
  {
    "SourceText": "In my group",
    "text": "In my group",
    "type": "global"
  },
  {
    "SourceText": "By myself",
    "text": "By myself",
    "type": "global"
  },
  {
    "SourceText": "awesome parent",
    "text": "awesome parent",
    "type": "global"
  },
  {
    "SourceText": "friends",
    "text": "friends",
    "type": "global"
  }
]