[
  {
    "SourceText": "Welcome to @global.parent_app",
    "text": "Welcome to @global.parent_app",
    "type": "tour",
    "note": "The string @global.parent_app should not be translated."
  },
  {
    "SourceText": "<p>Welcome to @global.parent_app.</p>\n\n<p>You deserve to feel good, and have happier family relationships.</p>\n\n<p>@global.parent_app will support you and your family in three ways:</p>",
    "text": "<p>Welcome to @global.parent_app.</p>\n\n<p>You deserve to feel good, and have happier family relationships.</p>\n\n<p>@global.parent_app will support you and your family in three ways:</p>",
    "type": "tour",
    "note": "The following strings should not be translated: \n     @global.parent_app.</p>\n     <p>@global.parent_app"
  },
  {
    "SourceText": "<p>This big button takes you to your @global.weekly_workshops </p>\n\n<p> Once per week a new workshop will be ready for you - every time focusing on a different a parenting skill. Press it to start your first workshop!</p>",
    "text": "<p>This big button takes you to your @global.weekly_workshops </p>\n\n<p> Once per week a new workshop will be ready for you - every time focusing on a different a parenting skill. Press it to start your first workshop!</p>",
    "type": "tour",
    "note": "The string @global.weekly_workshops should not be translated."
  },
  {
    "SourceText": "@global.weekly_workshops quick start",
    "text": "@global.weekly_workshops quick start",
    "type": "tour",
    "note": "The string @global.weekly_workshops should not be translated."
  },
  {
    "SourceText": "<p>The round button appears when a new @global.weekly_workshop is ready for you to do.</p>",
    "text": "<p>The round button appears when a new @global.weekly_workshop is ready for you to do.</p>",
    "type": "tour",
    "note": "The string @global.weekly_workshop should not be translated."
  },
  {
    "SourceText": "<p>Press this big button to get you to your @global.parent_points screen.</p>\n\n<p>Track your success in self-care and parenting. </p>\n\n<p>See your progress.</p>\n\n<p>Celebrate your daily achievements!</p>",
    "text": "<p>Press this big button to get you to your @global.parent_points screen.</p>\n\n<p>Track your success in self-care and parenting. </p>\n\n<p>See your progress.</p>\n\n<p>Celebrate your daily achievements!</p>",
    "type": "tour",
    "note": "The string @global.parent_points should not be translated."
  },
  {
    "SourceText": "<p>This button takes you to the @global.parent_centre </p>\n\n<p>Stacked with the resources you need whenever you want. </p>\n\n<p> Instant access to help sections with @global.essential_tools for each skill.</p>\r\n\n<p> Extra information and local resources.</p>",
    "text": "<p>This button takes you to the @global.parent_centre </p>\n\n<p>Stacked with the resources you need whenever you want. </p>\n\n<p> Instant access to help sections with @global.essential_tools for each skill.</p>\r\n\n<p> Extra information and local resources.</p>",
    "type": "tour",
    "note": "The following strings should not be translated: \n     @global.parent_centre\n     @global.essential_tools"
  },
  {
    "SourceText": "<p>However you start, just the fact you are here shows you care.</p>",
    "text": "<p>However you start, just the fact you are here shows you care.</p>",
    "type": "tour"
  },
  {
    "SourceText": "Go to the @global.weekly_workshops",
    "text": "Go to the @global.weekly_workshops",
    "type": "tour",
    "note": "The string @global.weekly_workshops should not be translated."
  },
  {
    "SourceText": "<p>Press this button on the home screen to go to the @global.weekly_workshops </p>",
    "text": "<p>Press this button on the home screen to go to the @global.weekly_workshops </p>",
    "type": "tour",
    "note": "The string @global.weekly_workshops should not be translated."
  },
  {
    "SourceText": "Go to the @global.weekly_workshop_options",
    "text": "Go to the @global.weekly_workshop_options",
    "type": "tour",
    "note": "The string @global.weekly_workshop_options should not be translated."
  },
  {
    "SourceText": "<p>Press this button to go to the @global.weekly_workshop_options </p>",
    "text": "<p>Press this button to go to the @global.weekly_workshop_options </p>",
    "type": "tour",
    "note": "The string @global.weekly_workshop_options should not be translated."
  },
  {
    "SourceText": "<p>Use the @global.weekly_workshop_options to change your workshop settings. </p>",
    "text": "<p>Use the @global.weekly_workshop_options to change your workshop settings. </p>",
    "type": "tour",
    "note": "The string @global.weekly_workshop_options should not be translated."
  },
  {
    "SourceText": "<p> You can change your name here. </p>",
    "text": "<p> You can change your name here. </p>",
    "type": "tour"
  },
  {
    "SourceText": "<p> This shows the day of the week that your new @global.weekly_workshop becomes available. </p>\n\n<p> If you want to change it, just press it. </p>",
    "text": "<p> This shows the day of the week that your new @global.weekly_workshop becomes available. </p>\n\n<p> If you want to change it, just press it. </p>",
    "type": "tour",
    "note": "The string @global.weekly_workshop should not be translated."
  },
  {
    "SourceText": "<p> This shows the @global.weekly_workshop that you're currently on. </p>",
    "text": "<p> This shows the @global.weekly_workshop that you're currently on. </p>",
    "type": "tour",
    "note": "The string @global.weekly_workshop should not be translated."
  },
  {
    "SourceText": "<p> You can change here whether you want to do your @global.weekly_workshops as a group or by yourself. </p>",
    "text": "<p> You can change here whether you want to do your @global.weekly_workshops as a group or by yourself. </p>",
    "type": "tour",
    "note": "The string @global.weekly_workshops should not be translated."
  },
  {
    "SourceText": "<p> Tap here to change your group name. </p>",
    "text": "<p> Tap here to change your group name. </p>",
    "type": "tour"
  }
]