[
  {
    "SourceText": "Reflect on the positive",
    "text": "Reflect on the positive",
    "type": "data_list"
  },
  {
    "SourceText": "Check-in chat",
    "text": "Check-in chat",
    "type": "data_list"
  },
  {
    "SourceText": "Dream Travel",
    "text": "Dream Travel",
    "type": "data_list"
  },
  {
    "SourceText": "Famous Party",
    "text": "Famous Party",
    "type": "data_list"
  },
  {
    "SourceText": "Two truths, one lie",
    "text": "Two truths, one lie",
    "type": "data_list"
  },
  {
    "SourceText": "Time Machine",
    "text": "Time Machine",
    "type": "data_list"
  },
  {
    "SourceText": "Superpowers",
    "text": "Superpowers",
    "type": "data_list"
  },
  {
    "SourceText": "Just a friendly chat",
    "text": "Just a friendly chat",
    "type": "data_list"
  },
  {
    "SourceText": "The Interrupter",
    "text": "The Interrupter",
    "type": "data_list"
  },
  {
    "SourceText": "Three options",
    "text": "Three options",
    "type": "data_list"
  },
  {
    "SourceText": "Yes, No or Maybe",
    "text": "Yes, No or Maybe",
    "type": "data_list"
  },
  {
    "SourceText": "Memory game - \"On Saturday...\"",
    "text": "Memory game - \"On Saturday...\"",
    "type": "data_list"
  },
  {
    "SourceText": "Make up a story",
    "text": "Make up a story",
    "type": "data_list"
  },
  {
    "SourceText": "Co-chef",
    "text": "Co-chef",
    "type": "data_list"
  },
  {
    "SourceText": "Dance moves",
    "text": "Dance moves",
    "type": "data_list"
  },
  {
    "SourceText": "Mirror",
    "text": "Mirror",
    "type": "data_list"
  },
  {
    "SourceText": "What's new?",
    "text": "What's new?",
    "type": "data_list"
  },
  {
    "SourceText": "Get active!",
    "text": "Get active!",
    "type": "data_list"
  },
  {
    "SourceText": "Name that tune",
    "text": "Name that tune",
    "type": "data_list"
  },
  {
    "SourceText": "Pass the snap",
    "text": "Pass the snap",
    "type": "data_list"
  },
  {
    "SourceText": "Family workout",
    "text": "Family workout",
    "type": "data_list"
  },
  {
    "SourceText": "Make housework fun",
    "text": "Make housework fun",
    "type": "data_list"
  },
  {
    "SourceText": "Household chores aren’t fun… or are they? You can make them into a game!",
    "text": "Household chores aren’t fun… or are they? You can make them into a game!",
    "type": "data_list"
  },
  {
    "SourceText": "What are you doing?",
    "text": "What are you doing?",
    "type": "data_list"
  },
  {
    "SourceText": "Here is a fun game you can do with your family!",
    "text": "Here is a fun game you can do with your family!",
    "type": "data_list"
  },
  {
    "SourceText": "Crazy chicken",
    "text": "Crazy chicken",
    "type": "data_list"
  },
  {
    "SourceText": "Relax",
    "text": "Relax",
    "type": "data_list"
  },
  {
    "SourceText": "**Relax** @global.parent_point",
    "text": "**Relax** @global.parent_point",
    "type": "data_list",
    "note": "The string @global.parent_point should not be translated."
  },
  {
    "SourceText": "Doing a relaxation activity",
    "text": "Doing a relaxation activity",
    "type": "data_list"
  },
  {
    "SourceText": "Every time you do a relax, tap the @global.parent_point and celebrate your success!",
    "text": "Every time you do a relax, tap the @global.parent_point and celebrate your success!",
    "type": "data_list",
    "note": "The string @global.parent_point should not be translated."
  },
  {
    "SourceText": "Treat yourself well",
    "text": "Treat yourself well",
    "type": "data_list"
  },
  {
    "SourceText": "**Treat yourself well** @global.parent_point",
    "text": "**Treat yourself well** @global.parent_point",
    "type": "data_list",
    "note": "The string @global.parent_point should not be translated."
  },
  {
    "SourceText": "Doing something they like for themselves",
    "text": "Doing something they like for themselves",
    "type": "data_list"
  },
  {
    "SourceText": "Every time you treat yourself well, tap the @global.parent_point and celebrate your success!",
    "text": "Every time you treat yourself well, tap the @global.parent_point and celebrate your success!",
    "type": "data_list",
    "note": "The string @global.parent_point should not be translated."
  },
  {
    "SourceText": "**Praise yourself** @global.parent_point",
    "text": "**Praise yourself** @global.parent_point",
    "type": "data_list",
    "note": "The string @global.parent_point should not be translated."
  },
  {
    "SourceText": "Praising themselves",
    "text": "Praising themselves",
    "type": "data_list"
  },
  {
    "SourceText": "Every time you praise yourself, tap the @global.parent_point and celebrate your success!",
    "text": "Every time you praise yourself, tap the @global.parent_point and celebrate your success!",
    "type": "data_list",
    "note": "The string @global.parent_point should not be translated."
  },
  {
    "SourceText": "One-on-one time",
    "text": "One-on-one time",
    "type": "data_list"
  },
  {
    "SourceText": "**One-on-one time** @global.parent_point",
    "text": "**One-on-one time** @global.parent_point",
    "type": "data_list",
    "note": "The string @global.parent_point should not be translated."
  },
  {
    "SourceText": "Spending time with their teen",
    "text": "Spending time with their teen",
    "type": "data_list"
  },
  {
    "SourceText": "Every time you do one-on-one time, tap the @global.parent_point and celebrate your success!",
    "text": "Every time you do one-on-one time, tap the @global.parent_point and celebrate your success!",
    "type": "data_list",
    "note": "The string @global.parent_point should not be translated."
  },
  {
    "SourceText": "Praise your teen",
    "text": "Praise your teen",
    "type": "data_list"
  },
  {
    "SourceText": "**Praise your teen** @global.parent_point",
    "text": "**Praise your teen** @global.parent_point",
    "type": "data_list",
    "note": "The string @global.parent_point should not be translated."
  },
  {
    "SourceText": "Praising their teen when they did positive thing",
    "text": "Praising their teen when they did positive thing",
    "type": "data_list"
  },
  {
    "SourceText": "Every time you praise your teen, tap the @global.parent_point and celebrate your success!",
    "text": "Every time you praise your teen, tap the @global.parent_point and celebrate your success!",
    "type": "data_list",
    "note": "The string @global.parent_point should not be translated."
  },
  {
    "SourceText": "Get positive",
    "text": "Get positive",
    "type": "data_list"
  },
  {
    "SourceText": "**Get positive** @global.parent_point",
    "text": "**Get positive** @global.parent_point",
    "type": "data_list",
    "note": "The string @global.parent_point should not be translated."
  },
  {
    "SourceText": "Giving their teen a positive instruction",
    "text": "Giving their teen a positive instruction",
    "type": "data_list"
  },
  {
    "SourceText": "Every time you give a positive instruction, tap the @global.parent_point and celebrate your success!",
    "text": "Every time you give a positive instruction, tap the @global.parent_point and celebrate your success!",
    "type": "data_list",
    "note": "The string @global.parent_point should not be translated."
  },
  {
    "SourceText": "Breathe not yell",
    "text": "Breathe not yell",
    "type": "data_list"
  },
  {
    "SourceText": "**Breathe not yell** @global.parent_point",
    "text": "**Breathe not yell** @global.parent_point",
    "type": "data_list",
    "note": "The string @global.parent_point should not be translated."
  },
  {
    "SourceText": "Taking a pause before responding",
    "text": "Taking a pause before responding",
    "type": "data_list"
  },
  {
    "SourceText": "Every time you take a pause before responding, tap the @global.parent_point and celebrate your success!",
    "text": "Every time you take a pause before responding, tap the @global.parent_point and celebrate your success!",
    "type": "data_list",
    "note": "The string @global.parent_point should not be translated."
  },
  {
    "SourceText": "Good money choice",
    "text": "Good money choice",
    "type": "data_list"
  },
  {
    "SourceText": "**Good money choice** @global.parent_point",
    "text": "**Good money choice** @global.parent_point",
    "type": "data_list",
    "note": "The string @global.parent_point should not be translated."
  },
  {
    "SourceText": "Keeping the budget",
    "text": "Keeping the budget",
    "type": "data_list"
  },
  {
    "SourceText": "Every time you make a good choice about needs, wants and savings, tap the @global.parent_point and celebrate your success!",
    "text": "Every time you make a good choice about needs, wants and savings, tap the @global.parent_point and celebrate your success!",
    "type": "data_list",
    "note": "The string @global.parent_point should not be translated."
  },
  {
    "SourceText": "Calm consequence",
    "text": "Calm consequence",
    "type": "data_list"
  },
  {
    "SourceText": "**Calm consequence** @global.parent_point",
    "text": "**Calm consequence** @global.parent_point",
    "type": "data_list",
    "note": "The string @global.parent_point should not be translated."
  },
  {
    "SourceText": "Giving their teen a consequence in a calm way",
    "text": "Giving their teen a consequence in a calm way",
    "type": "data_list"
  },
  {
    "SourceText": "Every time you give a calm consequence, tap the @global.parent_point and celebrate your success!",
    "text": "Every time you give a calm consequence, tap the @global.parent_point and celebrate your success!",
    "type": "data_list",
    "note": "The string @global.parent_point should not be translated."
  },
  {
    "SourceText": "Safe",
    "text": "Safe",
    "type": "data_list"
  },
  {
    "SourceText": "**Safe** @global.parent_point",
    "text": "**Safe** @global.parent_point",
    "type": "data_list",
    "note": "The string @global.parent_point should not be translated."
  },
  {
    "SourceText": "Planning or keeping a family safety plan",
    "text": "Planning or keeping a family safety plan",
    "type": "data_list"
  },
  {
    "SourceText": "Every time you do something to keep your teen safe, tap the @global.parent_point and celebrate your success!",
    "text": "Every time you do something to keep your teen safe, tap the @global.parent_point and celebrate your success!",
    "type": "data_list",
    "note": "The string @global.parent_point should not be translated."
  },
  {
    "SourceText": "Did it? Tap it!",
    "text": "Did it? Tap it!",
    "type": "data_list"
  },
  {
    "SourceText": "Help",
    "text": "Help",
    "type": "data_list"
  },
  {
    "SourceText": "**Help** in the @global.parent_centre",
    "text": "**Help** in the @global.parent_centre",
    "type": "data_list",
    "note": "The string @global.parent_centre should not be translated."
  },
  {
    "SourceText": "My Tips",
    "text": "My Tips",
    "type": "data_list"
  },
  {
    "SourceText": "**My Tips** in the @global.parent_centre",
    "text": "**My Tips** in the @global.parent_centre",
    "type": "data_list",
    "note": "The string @global.parent_centre should not be translated."
  },
  {
    "SourceText": "Essential Tools",
    "text": "Essential Tools",
    "type": "data_list"
  },
  {
    "SourceText": "**Essential Tools** in the @global.parent_centre",
    "text": "**Essential Tools** in the @global.parent_centre",
    "type": "data_list",
    "note": "The string @global.parent_centre should not be translated."
  },
  {
    "SourceText": "COVID",
    "text": "COVID",
    "type": "data_list"
  },
  {
    "SourceText": "**COVID** in the @global.parent_centre",
    "text": "**COVID** in the @global.parent_centre",
    "type": "data_list",
    "note": "The string @global.parent_centre should not be translated."
  },
  {
    "SourceText": "Customise @global.parent_app",
    "text": "Customise @global.parent_app",
    "type": "data_list",
    "note": "The string @global.parent_app should not be translated."
  },
  {
    "SourceText": "Customise Again",
    "text": "Customise Again",
    "type": "data_list"
  },
  {
    "SourceText": "**Customise @global.parent_app** in the @global.parent_centre",
    "text": "**Customise @global.parent_app** in the @global.parent_centre",
    "type": "data_list",
    "note": "The following strings should not be translated: \n     @global.parent_app**\n     @global.parent_centre"
  },
  {
    "SourceText": "Relax & Activities",
    "text": "Relax & Activities",
    "type": "data_list"
  },
  {
    "SourceText": "under **Relax & Activities** in the @global.parent_centre",
    "text": "under **Relax & Activities** in the @global.parent_centre",
    "type": "data_list",
    "note": "The string @global.parent_centre should not be translated."
  },
  {
    "SourceText": "Support Contacts",
    "text": "Support Contacts",
    "type": "data_list"
  },
  {
    "SourceText": "**Support Contacts** in the @global.parent_centre",
    "text": "**Support Contacts** in the @global.parent_centre",
    "type": "data_list",
    "note": "The string @global.parent_centre should not be translated."
  },
  {
    "SourceText": "Evidence Base",
    "text": "Evidence Base",
    "type": "data_list"
  },
  {
    "SourceText": "**Evidence Base** in the @global.parent_centre",
    "text": "**Evidence Base** in the @global.parent_centre",
    "type": "data_list",
    "note": "The string @global.parent_centre should not be translated."
  },
  {
    "SourceText": "Technical Support",
    "text": "Technical Support",
    "type": "data_list"
  },
  {
    "SourceText": "**Technical Support** in the @global.parent_centre",
    "text": "**Technical Support** in the @global.parent_centre",
    "type": "data_list",
    "note": "The string @global.parent_centre should not be translated."
  },
  {
    "SourceText": "Message Archive",
    "text": "Message Archive",
    "type": "data_list"
  },
  {
    "SourceText": "**Message Archive** in the @global.parent_centre",
    "text": "**Message Archive** in the @global.parent_centre",
    "type": "data_list",
    "note": "The string @global.parent_centre should not be translated."
  },
  {
    "SourceText": "That’s wonderful! Well done for spending time together. It lays the foundation for a great relationship with your teen!",
    "text": "That’s wonderful! Well done for spending time together. It lays the foundation for a great relationship with your teen!",
    "type": "data_list"
  },
  {
    "SourceText": "Good for you! One-on-one time shows your teens they are important to you. It really makes a difference!",
    "text": "Good for you! One-on-one time shows your teens they are important to you. It really makes a difference!",
    "type": "data_list"
  },
  {
    "SourceText": "Wonderful! Spending time with your teen may make your teen more willing to help out more often. You are doing great!",
    "text": "Wonderful! Spending time with your teen may make your teen more willing to help out more often. You are doing great!",
    "type": "data_list"
  },
  {
    "SourceText": "Well done! One-on-one time with your teen gives you a chance to learn more about your teen’s interests and abilities. You are a star!",
    "text": "Well done! One-on-one time with your teen gives you a chance to learn more about your teen’s interests and abilities. You are a star!",
    "type": "data_list"
  },
  {
    "SourceText": "Excellent job! Spending time together helps to build a strong and positive relationship between you and your teen.",
    "text": "Excellent job! Spending time together helps to build a strong and positive relationship between you and your teen.",
    "type": "data_list"
  },
  {
    "SourceText": "Sometimes it will be easy and fun to spend time with your teens, and sometimes it will be more challenging. Spending time together will greatly improve your relationship; well done for trying!",
    "text": "Sometimes it will be easy and fun to spend time with your teens, and sometimes it will be more challenging. Spending time together will greatly improve your relationship; well done for trying!",
    "type": "data_list"
  },
  {
    "SourceText": "Sorry to hear that it was difficult for you to spend time with your teen. We all have challenges sometimes. Just be patient with yourself and your teen - things will get better. Well done for trying!",
    "text": "Sorry to hear that it was difficult for you to spend time with your teen. We all have challenges sometimes. Just be patient with yourself and your teen - things will get better. Well done for trying!",
    "type": "data_list"
  },
  {
    "SourceText": "Great to hear it went well; you are a star!",
    "text": "Great to hear it went well; you are a star!",
    "type": "data_list"
  },
  {
    "SourceText": "Wonderful! You deserve all the happy times!",
    "text": "Wonderful! You deserve all the happy times!",
    "type": "data_list"
  },
  {
    "SourceText": "Sorry that this was difficult for you. You are a star for trying!",
    "text": "Sorry that this was difficult for you. You are a star for trying!",
    "type": "data_list"
  },
  {
    "SourceText": "Amazing to hear it made you feel good! Keep up the great work. Your teen is learning so much from you!",
    "text": "Amazing to hear it made you feel good! Keep up the great work. Your teen is learning so much from you!",
    "type": "data_list"
  },
  {
    "SourceText": "Talking about how we feel can be difficult at first, but you and your teen will get used to it. Keep trying, and you will see the positive results!",
    "text": "Talking about how we feel can be difficult at first, but you and your teen will get used to it. Keep trying, and you will see the positive results!",
    "type": "data_list"
  },
  {
    "SourceText": "Great to hear it went well. Talking about your finances together really makes your family stronger!",
    "text": "Great to hear it went well. Talking about your finances together really makes your family stronger!",
    "type": "data_list"
  },
  {
    "SourceText": "Sorry to hear it was difficult for you. Well done for trying!",
    "text": "Sorry to hear it was difficult for you. Well done for trying!",
    "type": "data_list"
  },
  {
    "SourceText": "Great to hear it went well! Consistent rules help make our teens feel secure, and keep them safe!",
    "text": "Great to hear it went well! Consistent rules help make our teens feel secure, and keep them safe!",
    "type": "data_list"
  },
  {
    "SourceText": "Sorry that this has been difficult. Creating rules together requires some practice but it's worth it!",
    "text": "Sorry that this has been difficult. Creating rules together requires some practice but it's worth it!",
    "type": "data_list"
  },
  {
    "SourceText": "Great to hear it went well!",
    "text": "Great to hear it went well!",
    "type": "data_list"
  },
  {
    "SourceText": "Sorry that this was difficult. Setting consequences together will make your teen want to follow the rules more often!",
    "text": "Sorry that this was difficult. Setting consequences together will make your teen want to follow the rules more often!",
    "type": "data_list"
  },
  {
    "SourceText": "Sorry that this was hard. Sometimes we just have to keep trying. Find a time when you and your teen are calm and try again to talk through a problem using the four steps of problem-solving. Together, you can do so much!",
    "text": "Sorry that this was hard. Sometimes we just have to keep trying. Find a time when you and your teen are calm and try again to talk through a problem using the four steps of problem-solving. Together, you can do so much!",
    "type": "data_list"
  },
  {
    "SourceText": "Great to hear it went well! Talking about risks and support options prevents problems and really helps to keep your teen safe.",
    "text": "Great to hear it went well! Talking about risks and support options prevents problems and really helps to keep your teen safe.",
    "type": "data_list"
  },
  {
    "SourceText": "Sorry that this was hard. Mapping risks and places to get support can be challenging and emotional. It really does help to keep your teen safe!",
    "text": "Sorry that this was hard. Mapping risks and places to get support can be challenging and emotional. It really does help to keep your teen safe!",
    "type": "data_list"
  },
  {
    "SourceText": "Sorry that it didn’t go so well. This is not easy to do. Try to sit down and discuss it with your teen again. Also, is there someone your teen trusts who could join you in the discussion with your teen?",
    "text": "Sorry that it didn’t go so well. This is not easy to do. Try to sit down and discuss it with your teen again. Also, is there someone your teen trusts who could join you in the discussion with your teen?",
    "type": "data_list"
  },
  {
    "SourceText": "Great to hear it went well! Getting consequences right helps teens behave better and makes family life calmer.",
    "text": "Great to hear it went well! Getting consequences right helps teens behave better and makes family life calmer.",
    "type": "data_list"
  },
  {
    "SourceText": "Great to hear it went well! When your teen learns how to solve problems, they can use that skill their whole life. What a gift!",
    "text": "Great to hear it went well! When your teen learns how to solve problems, they can use that skill their whole life. What a gift!",
    "type": "data_list"
  },
  {
    "SourceText": "Quick pause",
    "text": "Quick pause",
    "type": "data_list"
  },
  {
    "SourceText": "Power of three",
    "text": "Power of three",
    "type": "data_list"
  },
  {
    "SourceText": "One thing today",
    "text": "One thing today",
    "type": "data_list"
  },
  {
    "SourceText": "Breathe to three",
    "text": "Breathe to three",
    "type": "data_list"
  },
  {
    "SourceText": "In and out",
    "text": "In and out",
    "type": "data_list"
  },
  {
    "SourceText": "Think about today",
    "text": "Think about today",
    "type": "data_list"
  },
  {
    "SourceText": "Pause to respond",
    "text": "Pause to respond",
    "type": "data_list"
  },
  {
    "SourceText": "Small things",
    "text": "Small things",
    "type": "data_list"
  },
  {
    "SourceText": "Body scan",
    "text": "Body scan",
    "type": "data_list"
  },
  {
    "SourceText": "Feel the ground",
    "text": "Feel the ground",
    "type": "data_list"
  },
  {
    "SourceText": "Counting sounds",
    "text": "Counting sounds",
    "type": "data_list"
  },
  {
    "SourceText": "Feel your feeling",
    "text": "Feel your feeling",
    "type": "data_list"
  },
  {
    "SourceText": "Your song",
    "text": "Your song",
    "type": "data_list"
  },
  {
    "SourceText": "Ground & gratitude",
    "text": "Ground & gratitude",
    "type": "data_list"
  },
  {
    "SourceText": "Notice how you feel",
    "text": "Notice how you feel",
    "type": "data_list"
  },
  {
    "SourceText": "Pause power",
    "text": "Pause power",
    "type": "data_list"
  },
  {
    "SourceText": "Praise yourself",
    "text": "Praise yourself",
    "type": "data_list"
  },
  {
    "SourceText": "Taking care of yourself",
    "text": "Taking care of yourself",
    "type": "data_list"
  },
  {
    "SourceText": "Take a pause",
    "text": "Take a pause",
    "type": "data_list"
  },
  {
    "SourceText": "Physical activity",
    "text": "Physical activity",
    "type": "data_list"
  },
  {
    "SourceText": "List of things",
    "text": "List of things",
    "type": "data_list"
  },
  {
    "SourceText": "Connect",
    "text": "Connect",
    "type": "data_list"
  },
  {
    "SourceText": "Prevent anger",
    "text": "Prevent anger",
    "type": "data_list"
  },
  {
    "SourceText": "Angry? Take a break",
    "text": "Angry? Take a break",
    "type": "data_list"
  },
  {
    "SourceText": "Welcome and Self-Care",
    "text": "Welcome and Self-Care",
    "type": "data_list"
  },
  {
    "SourceText": "**Welcome and Self-Care** workshop",
    "text": "**Welcome and Self-Care** workshop",
    "type": "data_list"
  },
  {
    "SourceText": "Self-Care",
    "text": "Self-Care",
    "type": "data_list"
  },
  {
    "SourceText": "How to do self-care",
    "text": "How to do self-care",
    "type": "data_list"
  },
  {
    "SourceText": "One-on-One Time",
    "text": "One-on-One Time",
    "type": "data_list"
  },
  {
    "SourceText": "**One-on-One Time** workshop",
    "text": "**One-on-One Time** workshop",
    "type": "data_list"
  },
  {
    "SourceText": "How to spend one-on-one time",
    "text": "How to spend one-on-one time",
    "type": "data_list"
  },
  {
    "SourceText": "Praise",
    "text": "Praise",
    "type": "data_list"
  },
  {
    "SourceText": "**Praise** workshop",
    "text": "**Praise** workshop",
    "type": "data_list"
  },
  {
    "SourceText": "How to praise",
    "text": "How to praise",
    "type": "data_list"
  },
  {
    "SourceText": "Positive Instructions",
    "text": "Positive Instructions",
    "type": "data_list"
  },
  {
    "SourceText": "**Positive Instructions** workshop",
    "text": "**Positive Instructions** workshop",
    "type": "data_list"
  },
  {
    "SourceText": "How to give positive instructions",
    "text": "How to give positive instructions",
    "type": "data_list"
  },
  {
    "SourceText": "Managing Stress",
    "text": "Managing Stress",
    "type": "data_list"
  },
  {
    "SourceText": "**Managing Stress** workshop",
    "text": "**Managing Stress** workshop",
    "type": "data_list"
  },
  {
    "SourceText": "How to manage stress",
    "text": "How to manage stress",
    "type": "data_list"
  },
  {
    "SourceText": "Family Budgets",
    "text": "Family Budgets",
    "type": "data_list"
  },
  {
    "SourceText": "**Family Budgets** workshop",
    "text": "**Family Budgets** workshop",
    "type": "data_list"
  },
  {
    "SourceText": "How to budget & save",
    "text": "How to budget & save",
    "type": "data_list"
  },
  {
    "SourceText": "Rules",
    "text": "Rules",
    "type": "data_list"
  },
  {
    "SourceText": "**Rules** workshop",
    "text": "**Rules** workshop",
    "type": "data_list"
  },
  {
    "SourceText": "How to create rules",
    "text": "How to create rules",
    "type": "data_list"
  },
  {
    "SourceText": "Calm Consequences",
    "text": "Calm Consequences",
    "type": "data_list"
  },
  {
    "SourceText": "**Calm Consequences** workshop",
    "text": "**Calm Consequences** workshop",
    "type": "data_list"
  },
  {
    "SourceText": "How to give calm consequences",
    "text": "How to give calm consequences",
    "type": "data_list"
  },
  {
    "SourceText": "Problem Solving",
    "text": "Problem Solving",
    "type": "data_list"
  },
  {
    "SourceText": "**Problem Solving** workshop",
    "text": "**Problem Solving** workshop",
    "type": "data_list"
  },
  {
    "SourceText": "How to solve problems",
    "text": "How to solve problems",
    "type": "data_list"
  },
  {
    "SourceText": "Teen Safety",
    "text": "Teen Safety",
    "type": "data_list"
  },
  {
    "SourceText": "**Teen Safety** workshop",
    "text": "**Teen Safety** workshop",
    "type": "data_list"
  },
  {
    "SourceText": "How to keep your teen safe",
    "text": "How to keep your teen safe",
    "type": "data_list"
  },
  {
    "SourceText": "Dealing with Crisis",
    "text": "Dealing with Crisis",
    "type": "data_list"
  },
  {
    "SourceText": "**Dealing with Crisis** workshop",
    "text": "**Dealing with Crisis** workshop",
    "type": "data_list"
  },
  {
    "SourceText": "How to deal with crisis",
    "text": "How to deal with crisis",
    "type": "data_list"
  },
  {
    "SourceText": "Celebration and Next Steps",
    "text": "Celebration and Next Steps",
    "type": "data_list"
  },
  {
    "SourceText": "**Celebration and Next Steps** workshop",
    "text": "**Celebration and Next Steps** workshop",
    "type": "data_list"
  },
  {
    "SourceText": "How to support each other",
    "text": "How to support each other",
    "type": "data_list"
  },
  {
    "SourceText": "Start",
    "text": "Start",
    "type": "data_list"
  },
  {
    "SourceText": "Continue",
    "text": "Continue",
    "type": "data_list"
  },
  {
    "SourceText": "Welcome to ParentApp. Click here to start your journey!",
    "text": "Welcome to ParentApp. Click here to start your journey!",
    "type": "data_list"
  },
  {
    "SourceText": "Hope you are feeling OK. Parenting is hard, but it’s never too late to start again with your teenager. Your first parenting workshop is ready for you! Click here to start your ParentApp journey!",
    "text": "Hope you are feeling OK. Parenting is hard, but it’s never too late to start again with your teenager. Your first parenting workshop is ready for you! Click here to start your ParentApp journey!",
    "type": "data_list"
  },
  {
    "SourceText": "Hi! Is everything OK? It seems you haven’t opened ParentApp lately. Why don’t you give it a try? Millions of parents have found these materials helpful. We are still here to support you.",
    "text": "Hi! Is everything OK? It seems you haven’t opened ParentApp lately. Why don’t you give it a try? Millions of parents have found these materials helpful. We are still here to support you.",
    "type": "data_list"
  },
  {
    "SourceText": "Hello again! It’s never too late to use ParentApp and get tailored parenting support. Why don’t you give it a try when you are commuting to work or when the food is cooking? Millions of parents found our materials helpful.",
    "text": "Hello again! It’s never too late to use ParentApp and get tailored parenting support. Why don’t you give it a try when you are commuting to work or when the food is cooking? Millions of parents found our materials helpful.",
    "type": "data_list"
  },
  {
    "SourceText": "ParentApp misses you! There is a lot to explore. We are still here to support you.",
    "text": "ParentApp misses you! There is a lot to explore. We are still here to support you.",
    "type": "data_list"
  },
  {
    "SourceText": "Hope you are feeling OK. We know parenting is hard - use ParentApp to help you manage parenting stress.",
    "text": "Hope you are feeling OK. We know parenting is hard - use ParentApp to help you manage parenting stress.",
    "type": "data_list"
  },
  {
    "SourceText": "Hope you are feeling OK. We know parenting is hard - use ParentApp to prepare your teen for success in life.",
    "text": "Hope you are feeling OK. We know parenting is hard - use ParentApp to prepare your teen for success in life.",
    "type": "data_list"
  },
  {
    "SourceText": "Hope you are feeling OK. We know parenting is hard - use ParentApp to help you manage your teen's behaviour.",
    "text": "Hope you are feeling OK. We know parenting is hard - use ParentApp to help you manage your teen's behaviour.",
    "type": "data_list"
  },
  {
    "SourceText": "New message from PLH",
    "text": "New message from PLH",
    "type": "data_list"
  },
  {
    "SourceText": "Hope you are feeling OK. We know parenting is hard - use ParentApp to bond with your teen again!",
    "text": "Hope you are feeling OK. We know parenting is hard - use ParentApp to bond with your teen again!",
    "type": "data_list"
  }
]